// Jest Snapshot v1, https://goo.gl/fbAQLP

exports[`<Login/> should enable login button when both text inputs are filled 1`] = `
"Snapshot Diff:
- First value
+ Second value

@@ -273,10 +273,11 @@
                    },
                  ]
                }
                textContentType=\\"emailAddress\\"
                underlineColorAndroid=\\"transparent\\"
+               value=\\"email@gmail.com\\"
              />
            </View>
          </View>
          <View
            numberOfSpaces={6}
@@ -386,10 +387,11 @@
                    },
                  ]
                }
                textContentType=\\"password\\"
                underlineColorAndroid=\\"transparent\\"
+               value=\\"mypassword\\"
              />
              <View
                accessible={true}
                focusable={true}
                onClick={[Function onClick]}
@@ -483,22 +485,22 @@
              ]
            }
          />
          <View
            accessible={true}
-           focusable={false}
+           focusable={true}
            onClick={[Function onClick]}
            onResponderGrant={[Function onResponderGrant]}
            onResponderMove={[Function onResponderMove]}
            onResponderRelease={[Function onResponderRelease]}
            onResponderTerminate={[Function onResponderTerminate]}
            onResponderTerminationRequest={[Function onResponderTerminationRequest]}
            onStartShouldSetResponder={[Function onStartShouldSetResponder]}
            style={
              Object {
                \\"alignItems\\": \\"center\\",
-               \\"backgroundColor\\": \\"#ff99be\\",
+               \\"backgroundColor\\": \\"#eb0055\\",
                \\"borderRadius\\": 24,
                \\"borderWidth\\": 0,
                \\"flexDirection\\": \\"row\\",
                \\"height\\": 40,
                \\"justifyContent\\": \\"center\\","
`;

exports[`<Login/> should show error message and error inputs AND not redirect to home page WHEN signin has failed 1`] = `
"Snapshot Diff:
- First value
+ Second value

@@ -167,10 +167,65 @@
                rightIcon-SVG-Mock
              </View>
            </View>
          </View>
          <View
+           numberOfSpaces={5}
+           style={
+             Array [
+               Object {
+                 \\"height\\": 20,
+               },
+             ]
+           }
+           testID=\\"input-error-top-spacer\\"
+         />
+         <View
+           style={
+             Array [
+               Object {
+                 \\"alignItems\\": \\"center\\",
+                 \\"flexDirection\\": \\"row\\",
+                 \\"maxWidth\\": 500,
+               },
+             ]
+           }
+         >
+           <View
+             height={24}
+             testID=\\"rule-icon-warn\\"
+             width={24}
+           >
+             rule-icon-warn-SVG-Mock
+           </View>
+           <View
+             style={
+               Array [
+                 Object {
+                   \\"paddingLeft\\": 8,
+                 },
+               ]
+             }
+           >
+             <Text
+               color=\\"#b60025\\"
+               style={
+                 Array [
+                   Object {
+                     \\"color\\": \\"#b60025\\",
+                     \\"fontFamily\\": \\"Montserrat-SemiBold\\",
+                     \\"fontSize\\": 12,
+                     \\"lineHeight\\": 16,
+                   },
+                 ]
+               }
+             >
+               E-mail ou mot de passe incorrect
+             </Text>
+           </View>
+         </View>
+         <View
            numberOfSpaces={7}
            style={
              Array [
                Object {
                  \\"height\\": 28,
@@ -214,18 +269,18 @@
                  },
                ]
              }
            />
            <View
-             isError={false}
+             isError={true}
              isFocus={false}
              style={
                Array [
                  Object {
                    \\"alignItems\\": \\"center\\",
                    \\"backgroundColor\\": \\"#ffffff\\",
-                   \\"borderColor\\": \\"#c7c7cc\\",
+                   \\"borderColor\\": \\"#b60025\\",
                    \\"borderRadius\\": 22,
                    \\"borderStyle\\": \\"solid\\",
                    \\"borderWidth\\": 1,
                    \\"flexDirection\\": \\"row\\",
                    \\"height\\": 40,
@@ -324,18 +379,18 @@
                  },
                ]
              }
            />
            <View
-             isError={false}
+             isError={true}
              isFocus={false}
              style={
                Array [
                  Object {
                    \\"alignItems\\": \\"center\\",
                    \\"backgroundColor\\": \\"#ffffff\\",
-                   \\"borderColor\\": \\"#c7c7cc\\",
+                   \\"borderColor\\": \\"#b60025\\",
                    \\"borderRadius\\": 22,
                    \\"borderStyle\\": \\"solid\\",
                    \\"borderWidth\\": 1,
                    \\"flexDirection\\": \\"row\\",
                    \\"height\\": 40,"
`;
