// Jest Snapshot v1, https://goo.gl/fbAQLP

exports[`<OfferIconCaptions /> should match snapshot 1`] = `
<View
  style={
    Array [
      Object {
        "flexDirection": "row",
      },
    ]
  }
>
  <View
    numberOfSpaces={6}
    style={
      Array [
        Object {
          "width": 24,
        },
      ]
    }
  />
  <View
    style={
      Array [
        Object {
          "alignItems": "center",
          "flexBasis": 0,
          "flexGrow": 1,
          "flexShrink": 1,
        },
      ]
    }
  >
    <View
      style={
        Array [
          Object {
            "paddingBottom": 4,
            "paddingLeft": 4,
            "paddingRight": 4,
            "paddingTop": 4,
          },
        ]
      }
    >
      <RNSVGSvgView
        align="xMidYMid"
        bbHeight={40}
        bbWidth={40}
        fill="#626262"
        focusable={false}
        height={40}
        meetOrSlice={0}
        minX={20}
        minY={20}
        style={
          Array [
            Object {
              "backgroundColor": "transparent",
              "borderWidth": 0,
            },
            Object {
              "flex": 0,
              "height": 40,
              "width": 40,
            },
          ]
        }
        vbHeight={142}
        vbWidth={142}
        width={40}
      >
        <RNSVGGroup
          fill={4284637794}
          propList={
            Array [
              "fill",
            ]
          }
        >
          <RNSVGPath
            d="M66.72 123.64c8.13 0 14.72 6.59 14.72 14.72s-6.59 14.72-14.72 14.72S52 146.49 52 138.36s6.59-14.72 14.72-14.72zm0 6c-4.816 0-8.72 3.904-8.72 8.72 0 4.816 3.904 8.72 8.72 8.72 4.816 0 8.72-3.904 8.72-8.72 0-4.816-3.904-8.72-8.72-8.72zm70.225-89.705c2.494 1.918 4.038 4.803 4.266 7.921l.029.784v65.228c.027.36.04.725.04 1.092 0 8.13-6.59 14.72-14.72 14.72s-14.72-6.59-14.72-14.72 6.59-14.72 14.72-14.72c3.246 0 6.246 1.05 8.68 2.83V48.646c-.003-1.55-.724-3.01-1.952-3.954-1.075-.827-2.432-1.176-3.78-.98l-.575.117L84.98 54.897c-2.014.542-3.461 2.27-3.673 4.307l-.027.516V112c0 1.657-1.343 3-3 3-1.519 0-2.774-1.129-2.973-2.593L75.28 112V59.718c.003-4.734 3.03-8.907 7.505-10.42l.682-.207 43.968-11.072c3.296-.869 6.808-.161 9.51 1.916zM126.56 106.24c-4.816 0-8.72 3.904-8.72 8.72 0 4.816 3.904 8.72 8.72 8.72 4.676 0 8.492-3.68 8.71-8.302l-.003-.01-.027-.408v-.84c-.422-4.422-4.147-7.88-8.68-7.88z"
          />
        </RNSVGGroup>
      </RNSVGSvgView>
    </View>
    <Text
      style={
        Array [
          Object {
            "color": "#151515",
            "fontFamily": "Montserrat-SemiBold",
            "fontSize": 12,
            "lineHeight": 16,
            "textAlign": "center",
          },
        ]
      }
    >
      Abonnements concerts
    </Text>
  </View>
  <View
    style={
      Array [
        Object {
          "backgroundColor": "#c7c7cc",
          "marginHorizontal": 8,
          "width": 1,
        },
      ]
    }
  />
  <View
    style={
      Array [
        Object {
          "alignItems": "center",
          "flexBasis": 0,
          "flexGrow": 1,
          "flexShrink": 1,
        },
      ]
    }
  >
    <View
      style={
        Array [
          Object {
            "paddingBottom": 4,
            "paddingLeft": 4,
            "paddingRight": 4,
            "paddingTop": 4,
          },
        ]
      }
    >
      <RNSVGSvgView
        align="xMidYMid"
        bbHeight={40}
        bbWidth={40}
        focusable={false}
        height={40}
        meetOrSlice={0}
        minX={0}
        minY={0}
        style={
          Array [
            Object {
              "backgroundColor": "transparent",
              "borderWidth": 0,
            },
            Object {
              "flex": 0,
              "height": 40,
              "width": 40,
            },
          ]
        }
        testID="iconEuro"
        vbHeight={40}
        vbWidth={40}
        width={40}
      >
        <RNSVGGroup>
          <RNSVGGroup
            fill={null}
            fillRule={0}
            propList={
              Array [
                "fill",
                "fillRule",
              ]
            }
          >
            <RNSVGGroup
              fill={4284637794}
              fillRule={1}
              propList={
                Array [
                  "fill",
                  "fillRule",
                ]
              }
            >
              <RNSVGGroup>
                <RNSVGPath
                  d="M21.414 9.583c3.847 0 7.319 2.347 8.904 5.983.173.398.005.867-.38 1.051-.39.186-.851.006-1.026-.396-1.338-3.068-4.261-5.045-7.498-5.045-3.782 0-6.97 2.669-7.936 6.306h11.314c.46 0 .833.374.833.834 0 .418-.31.77-.734.827l-.099.006-11.59.001c-.016.212-.023.426-.023.642 0 .346.02.688.057 1.024h11.556c.46 0 .833.373.833.833 0 .419-.31.77-.734.828l-.099.006H13.588c1.081 3.44 4.178 5.924 7.826 5.924 3.17 0 6.043-1.895 7.418-4.868.185-.398.649-.567 1.035-.372.381.192.54.666.357 1.059-1.63 3.523-5.042 5.774-8.81 5.774-4.51 0-8.303-3.186-9.434-7.517H9.792c-.46 0-.834-.373-.834-.834 0-.418.31-.77.735-.827l.099-.006h1.893c-.032-.337-.049-.679-.049-1.024 0-.216.007-.43.02-.642H9.791c-.46 0-.834-.374-.834-.834 0-.418.31-.77.735-.827l.099-.006h2.096c1.002-4.525 4.885-7.9 9.526-7.9z"
                />
              </RNSVGGroup>
            </RNSVGGroup>
          </RNSVGGroup>
        </RNSVGGroup>
      </RNSVGSvgView>
    </View>
    <Text
      style={
        Array [
          Object {
            "color": "#151515",
            "fontFamily": "Montserrat-SemiBold",
            "fontSize": 12,
            "lineHeight": 16,
            "textAlign": "center",
          },
        ]
      }
    >
      28 €
    </Text>
  </View>
  <View
    numberOfSpaces={6}
    style={
      Array [
        Object {
          "width": 24,
        },
      ]
    }
  />
</View>
`;
