// Jest Snapshot v1, https://goo.gl/fbAQLP

exports[`<OfferIconCaptions /> should match snapshot 1`] = `
<View
  style={
    Array [
      Object {
        "flexDirection": "row",
      },
    ]
  }
>
  <View
    numberOfSpaces={6}
    style={
      Array [
        Object {
          "width": 24,
        },
      ]
    }
  />
  <View
    style={
      Array [
        Object {
          "alignItems": "center",
          "flexBasis": 0,
          "flexGrow": 1,
          "flexShrink": 1,
        },
      ]
    }
  >
    <View
      style={
        Array [
          Object {
            "paddingBottom": 4,
            "paddingLeft": 4,
            "paddingRight": 4,
            "paddingTop": 4,
          },
        ]
      }
    >
      <RNSVGSvgView
        align="xMidYMid"
        bbHeight={40}
        bbWidth={40}
        fill="#626262"
        focusable={false}
        height={40}
        meetOrSlice={0}
        minX={20}
        minY={20}
        style={
          Array [
            Object {
              "backgroundColor": "transparent",
              "borderWidth": 0,
            },
            Object {
              "flex": 0,
              "height": 40,
              "width": 40,
            },
          ]
        }
        vbHeight={142}
        vbWidth={142}
        width={40}
      >
        <RNSVGGroup
          fill={4284637794}
          propList={
            Array [
              "fill",
            ]
          }
        >
          <RNSVGPath
            d="M66.72 123.64c8.13 0 14.72 6.59 14.72 14.72s-6.59 14.72-14.72 14.72S52 146.49 52 138.36s6.59-14.72 14.72-14.72zm0 6c-4.816 0-8.72 3.904-8.72 8.72 0 4.816 3.904 8.72 8.72 8.72 4.816 0 8.72-3.904 8.72-8.72 0-4.816-3.904-8.72-8.72-8.72zm70.225-89.705c2.494 1.918 4.038 4.803 4.266 7.921l.029.784v65.228c.027.36.04.725.04 1.092 0 8.13-6.59 14.72-14.72 14.72s-14.72-6.59-14.72-14.72 6.59-14.72 14.72-14.72c3.246 0 6.246 1.05 8.68 2.83V48.646c-.003-1.55-.724-3.01-1.952-3.954-1.075-.827-2.432-1.176-3.78-.98l-.575.117L84.98 54.897c-2.014.542-3.461 2.27-3.673 4.307l-.027.516V112c0 1.657-1.343 3-3 3-1.519 0-2.774-1.129-2.973-2.593L75.28 112V59.718c.003-4.734 3.03-8.907 7.505-10.42l.682-.207 43.968-11.072c3.296-.869 6.808-.161 9.51 1.916zM126.56 106.24c-4.816 0-8.72 3.904-8.72 8.72 0 4.816 3.904 8.72 8.72 8.72 4.676 0 8.492-3.68 8.71-8.302l-.003-.01-.027-.408v-.84c-.422-4.422-4.147-7.88-8.68-7.88z"
          />
        </RNSVGGroup>
      </RNSVGSvgView>
    </View>
    <Text
      style={
        Array [
          Object {
            "color": "#151515",
            "fontFamily": "Montserrat-SemiBold",
            "fontSize": 12,
            "lineHeight": 16,
            "textAlign": "center",
          },
        ]
      }
    >
      Abonnements concerts
    </Text>
  </View>
  <View
    numberOfSpaces={6}
    style={
      Array [
        Object {
          "width": 24,
        },
      ]
    }
  />
</View>
`;
