// Jest Snapshot v1, https://goo.gl/fbAQLP

exports[`CheatCodes component should render correctly 1`] = `
<View
  style={
    Array [
      Object {
        "alignItems": "center",
        "flexBasis": 0,
        "flexGrow": 1,
        "flexShrink": 1,
        "marginHorizontal": 24,
      },
    ]
  }
>
  <View
    customHeight={16}
    style={
      Array [
        Object {
          "height": 16,
        },
      ]
    }
  />
  <View
    style={
      Array [
        Object {
          "flexBasis": 0,
          "flexGrow": 1,
          "flexShrink": 1,
        },
      ]
    }
  />
  <View
    accessibilityRole="button"
    accessibilityState={Object {}}
    accessible={true}
    focusable={true}
    onClick={[Function]}
    onResponderGrant={[Function]}
    onResponderMove={[Function]}
    onResponderRelease={[Function]}
    onResponderTerminate={[Function]}
    onResponderTerminationRequest={[Function]}
    onStartShouldSetResponder={[Function]}
    style={
      Object {
        "opacity": 1,
      }
    }
    testID="crashTestButton"
  >
    <View
      style={
        Array [
          Object {},
        ]
      }
    >
      <Text
        style={
          Array [
            Object {
              "color": "#007AFF",
              "fontSize": 18,
              "margin": 8,
              "textAlign": "center",
            },
          ]
        }
      >
        Crash the app
      </Text>
    </View>
  </View>
  <View
    accessibilityRole="button"
    accessibilityState={Object {}}
    accessible={true}
    focusable={true}
    onClick={[Function]}
    onResponderGrant={[Function]}
    onResponderMove={[Function]}
    onResponderRelease={[Function]}
    onResponderTerminate={[Function]}
    onResponderTerminationRequest={[Function]}
    onStartShouldSetResponder={[Function]}
    style={
      Object {
        "opacity": 1,
      }
    }
  >
    <View
      style={
        Array [
          Object {},
        ]
      }
    >
      <Text
        style={
          Array [
            Object {
              "color": "#007AFF",
              "fontSize": 18,
              "margin": 8,
              "textAlign": "center",
            },
          ]
        }
      >
        Naviguer vers la page d'accueil
      </Text>
    </View>
  </View>
  <View
    accessibilityRole="button"
    accessibilityState={
      Object {
        "disabled": true,
      }
    }
    accessible={true}
    focusable={false}
    onClick={[Function]}
    onResponderGrant={[Function]}
    onResponderMove={[Function]}
    onResponderRelease={[Function]}
    onResponderTerminate={[Function]}
    onResponderTerminationRequest={[Function]}
    onStartShouldSetResponder={[Function]}
    style={
      Object {
        "opacity": 1,
      }
    }
    testID="logoutButton"
  >
    <View
      style={
        Array [
          Object {},
          Object {},
        ]
      }
    >
      <Text
        disabled={true}
        style={
          Array [
            Object {
              "color": "#007AFF",
              "fontSize": 18,
              "margin": 8,
              "textAlign": "center",
            },
            Object {
              "color": "#cdcdcd",
            },
          ]
        }
      >
        ⚠️ Se déconnecter
      </Text>
    </View>
  </View>
  <View
    style={
      Array [
        Object {
          "flexBasis": 0,
          "flexGrow": 1,
          "flexShrink": 1,
        },
      ]
    }
  />
  <View
    accessibilityRole="button"
    accessibilityState={Object {}}
    accessible={true}
    focusable={true}
    onClick={[Function]}
    onResponderGrant={[Function]}
    onResponderMove={[Function]}
    onResponderRelease={[Function]}
    onResponderTerminate={[Function]}
    onResponderTerminationRequest={[Function]}
    onStartShouldSetResponder={[Function]}
    style={
      Object {
        "opacity": 1,
      }
    }
  >
    <View
      style={
        Array [
          Object {},
        ]
      }
    >
      <Text
        style={
          Array [
            Object {
              "color": "#007AFF",
              "fontSize": 18,
              "margin": 8,
              "textAlign": "center",
            },
          ]
        }
      >
        Invalider l'access token
      </Text>
    </View>
  </View>
  <View
    accessibilityRole="button"
    accessibilityState={Object {}}
    accessible={true}
    focusable={true}
    onClick={[Function]}
    onResponderGrant={[Function]}
    onResponderMove={[Function]}
    onResponderRelease={[Function]}
    onResponderTerminate={[Function]}
    onResponderTerminationRequest={[Function]}
    onStartShouldSetResponder={[Function]}
    style={
      Object {
        "opacity": 1,
      }
    }
  >
    <View
      style={
        Array [
          Object {},
        ]
      }
    >
      <Text
        style={
          Array [
            Object {
              "color": "#007AFF",
              "fontSize": 18,
              "margin": 8,
              "textAlign": "center",
            },
          ]
        }
      >
        /ME
      </Text>
    </View>
  </View>
  <Text>
    
  </Text>
  <View
    style={
      Array [
        Object {
          "flexBasis": 0,
          "flexGrow": 1,
          "flexShrink": 1,
        },
      ]
    }
  />
  <Text>
    installationID
  </Text>
  <View
    style={
      Array [
        Object {
          "flexBasis": 0,
          "flexGrow": 1,
          "flexShrink": 1,
        },
      ]
    }
  />
  <Text
    style={
      Array [
        Object {
          "color": "#151515",
          "fontFamily": "Montserrat-Regular",
          "fontSize": 15,
          "lineHeight": 20,
        },
      ]
    }
  >
    Lorem ipsum dolor sit amet, consectetur adipiscing elit, sed do eiusmod tempor incididunt ut labore et dolore magna aliqua. https://www.google.com/search?q=pass+culture&oq=pass+culture&aqs=chrome.0.0i433j0l2j69i60l3j69i65l2.1136j0j7&sourceid=chrome&ie=UTF-8 Amet justo donec enim diam vulputate.
  </Text>
  <View
    style={
      Array [
        Object {
          "flexBasis": 0,
          "flexGrow": 1,
          "flexShrink": 1,
        },
      ]
    }
  />
  <Text
    style={
      Array [
        Object {
          "color": "#151515",
          "fontFamily": "Montserrat-Regular",
          "fontSize": 15,
          "lineHeight": 20,
        },
      ]
    }
  >
    Lorem ipsum dolor sit amet, consectetur adipiscing elit, sed do eiusmod tempor incididunt ut labore et dolore magna aliqua. 
    <Text
      onPress={[Function]}
      style={
        Array [
          Object {
            "color": "#151515",
            "fontFamily": "Montserrat-Bold",
            "fontSize": 15,
            "lineHeight": 20,
          },
        ]
      }
    >
      <RNSVGSvgView
        align="xMidYMid"
        bbHeight={24}
        bbWidth={24}
        focusable={false}
        height={24}
        meetOrSlice={0}
        minX={0}
        minY={0}
        style={
          Array [
            Object {
              "backgroundColor": "transparent",
              "borderWidth": 0,
            },
            Object {
              "flex": 0,
              "height": 24,
              "width": 24,
            },
          ]
        }
        testID="externalSiteIcon"
        vbHeight={32}
        vbWidth={32}
        width={24}
      >
        <RNSVGGroup>
          <RNSVGGroup
            fill={null}
            fillRule={0}
            matrix={
              Array [
                1,
                0,
                0,
                1,
                0,
                6,
              ]
            }
            propList={
              Array [
                "fill",
                "fillRule",
              ]
            }
          >
            <RNSVGGroup
              fill={4279571733}
              propList={
                Array [
                  "fill",
                ]
              }
            >
              <RNSVGGroup>
                <RNSVGGroup>
                  <RNSVGPath
                    d="M15.485 11c.384.005.576.207.576.606s-.192.6-.576.606H9.152v10.91h10.363v-6.667c0-.404.192-.607.576-.607.384 0 .576.203.576.607v7.272c0 .335-.258.606-.576.606H8.576c-.318 0-.576-.271-.576-.606v-12.12c0-.336.258-.607.576-.607h6.909zm3.983-4l.095.004 3.814.458c.27.032.484.256.515.539l.437 3.992c.037.336-.193.64-.514.678-.321.038-.612-.203-.648-.539l-.306-2.784-7.503 7.854c-.229.239-.6.239-.828 0-.228-.24-.228-.627 0-.866l7.459-7.808-2.56-.307c-.289-.035-.504-.284-.518-.579l.004-.1c.037-.335.327-.577.648-.538z"
                    matrix={
                      Array [
                        1,
                        0,
                        0,
                        1,
                        0,
                        0,
                      ]
                    }
                  />
                </RNSVGGroup>
              </RNSVGGroup>
            </RNSVGGroup>
          </RNSVGGroup>
        </RNSVGGroup>
      </RNSVGSvgView>
      https://www.google.com/search?q=pass+culture&oq=pass+culture&aqs=chrome.0.0i433j0l2j69i60l3j69i65l2.1136j0j7&sourceid=chrome&ie=UTF-8
    </Text>
     Amet justo donec enim diam vulputate.
  </Text>
  <View
    style={
      Array [
        Object {
          "flexBasis": 0,
          "flexGrow": 1,
          "flexShrink": 1,
        },
      ]
    }
  />
  <View
    accessible={true}
    focusable={true}
    onClick={[Function]}
    onResponderGrant={[Function]}
    onResponderMove={[Function]}
    onResponderRelease={[Function]}
    onResponderTerminate={[Function]}
    onResponderTerminationRequest={[Function]}
    onStartShouldSetResponder={[Function]}
    style={
      Object {
        "backgroundColor": "#c7c7cc",
        "borderBottomLeftRadius": 5,
        "borderColor": "#ffffff",
        "borderRightWidth": 0,
        "borderTopLeftRadius": 5,
        "borderWidth": 1,
        "bottom": 20,
        "opacity": 1,
        "padding": 10,
        "position": "absolute",
        "right": 0,
      }
    }
    testID="container"
  >
    <Text
      style={
        Object {
          "fontSize": 12,
        }
      }
    >
      Check update
    </Text>
    <Text
      numberOfLines={3}
      style={
        Object {
          "fontSize": 8,
          "maxWidth": 150,
        }
      }
    >
      label (decription)
    </Text>
  </View>
  <View
    customHeight={8}
    style={
      Array [
        Object {
          "height": 8,
        },
      ]
    }
  />
</View>
`;
