// Jest Snapshot v1, https://goo.gl/fbAQLP

exports[`<ResetPasswordEmailSent /> should match snapshot 1`] = `
<View
  style={
    Object {
      "flex": 1,
    }
  }
>
  <RNCSafeAreaProvider
    onInsetsChange={[Function]}
    style={
      Array [
        Object {
          "flex": 1,
        },
        undefined,
      ]
    }
  >
    <View
      pointerEvents="box-none"
      style={
        Array [
          Object {
            "zIndex": 1,
          },
          false,
        ]
      }
    >
      <View
        accessibilityElementsHidden={false}
        importantForAccessibility="auto"
        onLayout={[Function]}
        pointerEvents="box-none"
        style={null}
      >
        <View
          pointerEvents="box-none"
          style={
            Object {
              "bottom": 0,
              "left": 0,
              "opacity": 1,
              "position": "absolute",
              "right": 0,
              "top": 0,
              "zIndex": 0,
            }
          }
        >
          <View
            style={
              Object {
                "backgroundColor": "rgb(255, 255, 255)",
                "borderBottomColor": "rgb(216, 216, 216)",
                "flex": 1,
                "shadowColor": "rgb(216, 216, 216)",
                "shadowOffset": Object {
                  "height": 0.5,
                  "width": 0,
                },
                "shadowOpacity": 0.85,
                "shadowRadius": 0,
              }
            }
          />
        </View>
        <View
          pointerEvents="box-none"
          style={
            Object {
              "height": 64,
              "maxHeight": undefined,
              "minHeight": undefined,
              "opacity": undefined,
              "transform": undefined,
            }
          }
        >
          <View
            pointerEvents="none"
            style={
              Object {
                "height": 20,
              }
            }
          />
          <View
            pointerEvents="box-none"
            style={
              Object {
                "alignItems": "center",
                "flex": 1,
                "flexDirection": "row",
                "justifyContent": "center",
              }
            }
          >
            <View
              pointerEvents="box-none"
              style={
                Object {
                  "marginHorizontal": 16,
                  "opacity": 1,
                }
              }
            >
              <Text
                accessibilityRole="header"
                aria-level="1"
                numberOfLines={1}
                onLayout={[Function]}
                style={
                  Object {
                    "color": "rgb(28, 28, 30)",
                    "fontSize": 17,
                    "fontWeight": "600",
                  }
                }
              >
                ResetPasswordEmailSent
              </Text>
            </View>
          </View>
        </View>
      </View>
    </View>
    <View
      onLayout={[Function]}
      style={
        Object {
          "flex": 1,
        }
      }
    >
      <View
        pointerEvents="box-none"
        style={
          Object {
            "bottom": 0,
            "left": 0,
            "position": "absolute",
            "right": 0,
            "top": 0,
          }
        }
      >
        <View
          collapsable={false}
          style={
            Object {
              "opacity": 1,
            }
          }
        />
        <View
          accessibilityElementsHidden={false}
          closing={false}
          gestureVelocityImpact={0.3}
          importantForAccessibility="auto"
          onClose={[Function]}
          onGestureBegin={[Function]}
          onGestureCanceled={[Function]}
          onGestureEnd={[Function]}
          onOpen={[Function]}
          onTransitionStart={[Function]}
          pointerEvents="box-none"
          style={
            Object {
              "bottom": 0,
              "left": 0,
              "position": "absolute",
              "right": 0,
              "top": 0,
            }
          }
          transitionSpec={
            Object {
              "close": Object {
                "animation": "spring",
                "config": Object {
                  "damping": 500,
                  "mass": 3,
                  "overshootClamping": true,
                  "restDisplacementThreshold": 10,
                  "restSpeedThreshold": 10,
                  "stiffness": 1000,
                },
              },
              "open": Object {
                "animation": "spring",
                "config": Object {
                  "damping": 500,
                  "mass": 3,
                  "overshootClamping": true,
                  "restDisplacementThreshold": 10,
                  "restSpeedThreshold": 10,
                  "stiffness": 1000,
                },
              },
            }
          }
        >
          <View
            pointerEvents="box-none"
            style={
              Object {
                "flex": 1,
              }
            }
          >
            <View
              collapsable={false}
              forwardedRef={[Function]}
              onGestureHandlerEvent={[Function]}
              onGestureHandlerStateChange={[Function]}
              style={
                Object {
                  "flex": 1,
                  "transform": Array [
                    Object {
                      "translateX": 0,
                    },
                    Object {
                      "translateX": 0,
                    },
                  ],
                }
              }
            >
              <View
                pointerEvents="none"
                style={
                  Object {
                    "backgroundColor": "rgb(242, 242, 242)",
                    "bottom": 0,
                    "left": 0,
                    "position": "absolute",
                    "shadowColor": "#000",
                    "shadowOffset": Object {
                      "height": 1,
                      "width": -1,
                    },
                    "shadowOpacity": 0.3,
                    "shadowRadius": 5,
                    "top": 0,
                    "width": 3,
                  }
                }
              />
              <View
                style={
                  Array [
                    Object {
                      "flex": 1,
                      "overflow": "hidden",
                    },
                    Array [
                      Object {
                        "backgroundColor": "rgb(242, 242, 242)",
                      },
                      undefined,
                    ],
                  ]
                }
              >
                <View
                  style={
                    Object {
                      "flex": 1,
                      "flexDirection": "column-reverse",
                    }
                  }
                >
                  <View
                    style={
                      Object {
                        "flex": 1,
                      }
                    }
                  >
                    <View
                      style={
                        Array [
                          Object {
                            "height": "100%",
                            "left": 0,
                            "position": "absolute",
                            "top": 0,
                            "width": "100%",
                          },
                        ]
                      }
                    >
                      <RNSVGSvgView
                        align="none"
                        bbHeight="100%"
                        bbWidth="100%"
                        focusable={false}
                        height="100%"
                        meetOrSlice={0}
                        minX={0}
                        minY={0}
                        style={
                          Array [
                            Object {
                              "backgroundColor": "transparent",
                              "borderWidth": 0,
                            },
                            Object {
                              "flex": 0,
                              "height": "100%",
                              "width": "100%",
                            },
                          ]
                        }
                        vbHeight={667}
                        vbWidth={375}
                        width="100%"
                      >
                        <RNSVGGroup>
                          <RNSVGDefs>
                            <RNSVGLinearGradient
                              gradient={
                                Array [
                                  0,
                                  -1376171,
                                  1,
                                  -13500266,
                                ]
                              }
                              gradientTransform={null}
                              gradientUnits={0}
                              name="prefix__b"
                              x1="65.805%"
                              x2="47.731%"
                              y1="26.588%"
                              y2="116.28%"
                            />
                            <RNSVGLinearGradient
                              gradient={
                                Array [
                                  0,
                                  -1376171,
                                  1,
                                  -13500266,
                                ]
                              }
                              gradientTransform={null}
                              gradientUnits={0}
                              name="prefix__d"
                              x1="29.678%"
                              x2="32.571%"
                              y1="71.761%"
                              y2="14.036%"
                            />
                            <RNSVGPath
                              d="M0 0h375v667H0z"
                              name="prefix__a"
                            />
                            <RNSVGPath
                              d="M574.848 685.018c44.64 237.462 197.943-58.73 172.765-186.83-25.178-128.1-120.317-395.218-387.196-385.031-266.88 10.187-281.873 242.282-174.83 360.46 107.043 118.179 344.621-26.06 389.26 211.401z"
                              name="prefix__e"
                            />
                          </RNSVGDefs>
                          <RNSVGGroup
                            fill={null}
                            fillRule={0}
                            propList={
                              Array [
                                "fill",
                                "fillRule",
                              ]
                            }
                          >
                            <RNSVGMask
                              fill={4294967295}
                              height="100%"
                              maskContentUnits={1}
                              maskTransform={
                                Array [
                                  1,
                                  0,
                                  0,
                                  1,
                                  0,
                                  0,
                                ]
                              }
                              maskUnits={0}
                              name="prefix__c"
                              propList={
                                Array [
                                  "fill",
                                ]
                              }
                              width="100%"
                              x="0%"
                              y="0%"
                            >
                              <RNSVGUse
                                height={0}
                                href="prefix__a"
                                width={0}
                                x={0}
                                y={0}
                              />
                            </RNSVGMask>
                            <RNSVGUse
                              fill={
                                Array [
                                  1,
                                  "prefix__b",
                                ]
                              }
                              height={0}
                              href="prefix__a"
                              matrix={
                                Array [
                                  -1,
                                  0,
                                  0,
                                  1,
                                  375,
                                  0,
                                ]
                              }
                              propList={
                                Array [
                                  "fill",
                                ]
                              }
                              width={0}
                              x={0}
                              y={0}
                            />
                            <RNSVGGroup
                              mask="prefix__c"
                            >
                              <RNSVGUse
                                fill={
                                  Array [
                                    1,
                                    "prefix__d",
                                  ]
                                }
                                height={0}
                                href="prefix__e"
                                matrix={
                                  Array [
                                    -0.8660254037844387,
                                    -0.49999999999999994,
                                    0.49999999999999994,
                                    -0.8660254037844387,
                                    247.47746608921344,
                                    990.3613871835053,
                                  ]
                                }
                                propList={
                                  Array [
                                    "fill",
                                  ]
                                }
                                width={0}
                                x={0}
                                y={0}
                              />
                            </RNSVGGroup>
                          </RNSVGGroup>
                        </RNSVGGroup>
                      </RNSVGSvgView>
                    </View>
                    <View
                      onPress={[Function]}
                      style={
                        Array [
                          Object {
                            "bottom": 0,
                            "position": "absolute",
                            "width": "100%",
                            "zIndex": 41,
                          },
                        ]
                      }
                    >
                      <View
                        keyboardHeight={0}
                        style={
                          Array [
                            Object {
                              "bottom": 0,
                            },
                          ]
                        }
                      >
                        <View
                          style={
                            Array [
                              Object {
                                "alignItems": "center",
                                "backgroundColor": "#ffffff",
                                "borderTopLeftRadius": 16,
                                "borderTopRightRadius": 16,
                                "flexDirection": "column",
                                "paddingBottom": 24,
                                "paddingLeft": 24,
                                "paddingRight": 24,
                                "paddingTop": 24,
                                "shadowColor": "#151515",
                                "shadowOffset": Object {
                                  "height": 8,
                                  "width": 0,
                                },
                                "shadowOpacity": 0.15,
                                "shadowRadius": 4,
                                "width": "100%",
                              },
                            ]
                          }
                        >
                          <View
                            style={
                              Array [
                                Object {
                                  "alignItems": "center",
                                  "flexDirection": "row",
                                  "justifyContent": "space-between",
                                  "width": "100%",
                                },
                              ]
                            }
                          >
                            <View
                              accessible={true}
                              focusable={true}
                              onClick={[Function]}
                              onResponderGrant={[Function]}
                              onResponderMove={[Function]}
                              onResponderRelease={[Function]}
                              onResponderTerminate={[Function]}
                              onResponderTerminationRequest={[Function]}
                              onStartShouldSetResponder={[Function]}
                              style={
                                Object {
                                  "alignItems": "flex-start",
                                  "flexBasis": 0,
                                  "flexGrow": 0.2,
                                  "flexShrink": 1,
                                  "marginLeft": -4,
                                  "opacity": 1,
                                }
                              }
                              testID="leftIconButton"
                            >
                              <RNSVGSvgView
                                align="xMidYMid"
                                bbHeight={32}
                                bbWidth={32}
                                focusable={false}
                                height={32}
                                meetOrSlice={0}
                                minX={0}
                                minY={0}
                                style={
                                  Array [
                                    Object {
                                      "backgroundColor": "transparent",
                                      "borderWidth": 0,
                                    },
                                    Object {
                                      "flex": 0,
                                      "height": 32,
                                      "width": 32,
                                    },
                                  ]
                                }
                                testID="leftIcon"
                                vbHeight={32}
                                vbWidth={32}
                                width={32}
                              >
                                <RNSVGGroup>
                                  <RNSVGGroup
                                    fill={null}
                                    propList={
                                      Array [
                                        "fill",
                                      ]
                                    }
                                  >
                                    <RNSVGGroup
                                      fill={4279571733}
                                      propList={
                                        Array [
                                          "fill",
                                        ]
                                      }
                                    >
                                      <RNSVGGroup>
                                        <RNSVGGroup>
                                          <RNSVGPath
                                            d="M8.94 19.466c-.301.277-.778.266-1.065-.025-.287-.29-.276-.75.026-1.027l5.314-4.878c1.746-1.603 4.49-1.603 6.237 0l5.314 4.878c.302.277.313.737.026 1.027-.287.29-.764.302-1.065.025l-5.315-4.878c-1.164-1.069-2.993-1.069-4.158 0L8.94 19.466z"
                                            matrix={
                                              Array [
                                                -6.123233995736766e-17,
                                                1,
                                                1,
                                                6.123233995736766e-17,
                                                -0.3329999999999984,
                                                -0.3329999999999984,
                                              ]
                                            }
                                          />
                                        </RNSVGGroup>
                                      </RNSVGGroup>
                                    </RNSVGGroup>
                                  </RNSVGGroup>
                                </RNSVGGroup>
                              </RNSVGSvgView>
                            </View>
                            <Text
                              style={
                                Array [
                                  Object {
                                    "flexBasis": 0,
                                    "flexGrow": 0.6,
                                    "flexShrink": 1,
                                    "textAlign": "center",
                                  },
                                ]
                              }
                            >
                              <Text
                                numberOfLines={2}
                                style={
                                  Array [
                                    Object {
                                      "color": "#151515",
                                      "fontFamily": "Montserrat-Medium",
                                      "fontSize": 18,
                                      "lineHeight": 22,
                                    },
                                  ]
                                }
                              >
                                E-mail envoyé !
                              </Text>
                            </Text>
                            <View
                              accessible={true}
                              focusable={true}
                              onClick={[Function]}
                              onResponderGrant={[Function]}
                              onResponderMove={[Function]}
                              onResponderRelease={[Function]}
                              onResponderTerminate={[Function]}
                              onResponderTerminationRequest={[Function]}
                              onStartShouldSetResponder={[Function]}
                              style={
                                Object {
                                  "alignItems": "flex-end",
                                  "flexBasis": 0,
                                  "flexGrow": 0.2,
                                  "flexShrink": 1,
                                  "marginRight": -4,
                                  "opacity": 1,
                                }
                              }
                              testID="rightIconButton"
                            >
                              <RNSVGSvgView
                                align="xMidYMid"
                                bbHeight={32}
                                bbWidth={32}
                                focusable={false}
                                height={32}
                                meetOrSlice={0}
                                minX={0}
                                minY={0}
                                style={
                                  Array [
                                    Object {
                                      "backgroundColor": "transparent",
                                      "borderWidth": 0,
                                    },
                                    Object {
                                      "flex": 0,
                                      "height": 32,
                                      "width": 32,
                                    },
                                  ]
                                }
                                testID="rightIcon"
                                vbHeight={32}
                                vbWidth={32}
                                width={32}
                              >
                                <RNSVGGroup>
                                  <RNSVGGroup
                                    fill={null}
                                    propList={
                                      Array [
                                        "fill",
                                      ]
                                    }
                                  >
                                    <RNSVGGroup
                                      fill={4279571733}
                                      propList={
                                        Array [
                                          "fill",
                                        ]
                                      }
                                    >
                                      <RNSVGGroup>
                                        <RNSVGGroup>
                                          <RNSVGPath
                                            d="M23.3 8.225c.302-.29.804-.301 1.12-.025.318.276.33.735.028 1.024l-5.322 5.11c-1.166 1.12-1.166 2.879 0 3.998l5.322 5.11c.302.29.29.749-.027 1.025-.317.276-.819.265-1.12-.025l-5.323-5.11c-1.749-1.68-1.749-4.318 0-5.997zm-14.6 0l5.322 5.11c1.749 1.679 1.749 4.318 0 5.997L8.7 24.442c-.302.29-.804.3-1.12.025-.318-.276-.33-.735-.028-1.025l5.322-5.11c1.166-1.12 1.166-2.878 0-3.998l-5.322-5.11c-.302-.29-.29-.748.027-1.024s.819-.265 1.12.025z"
                                            matrix={
                                              Array [
                                                -1,
                                                0,
                                                0,
                                                1,
                                                32,
                                                0,
                                              ]
                                            }
                                          />
                                        </RNSVGGroup>
                                      </RNSVGGroup>
                                    </RNSVGGroup>
                                  </RNSVGGroup>
                                </RNSVGGroup>
                              </RNSVGSvgView>
                            </View>
                          </View>
                          <View
                            style={
                              Array [
                                Object {
                                  "alignItems": "center",
                                  "paddingBottom": 16,
                                  "paddingLeft": 4,
                                  "paddingRight": 4,
                                  "paddingTop": 16,
                                  "width": "100%",
                                },
                              ]
                            }
                          >
                            <View
                              style={
                                Array [
                                  Object {
                                    "alignItems": "center",
                                  },
                                ]
                              }
                            >
                              <Text
                                style={
                                  Array [
                                    Object {
                                      "color": "#151515",
                                      "fontFamily": "Montserrat-Regular",
                                      "fontSize": 15,
                                      "lineHeight": 20,
                                    },
                                  ]
                                }
                              >
                                Clique sur le lien reçu à l'adresse :
                              </Text>
                              <Text
                                style={
                                  Array [
                                    Object {
                                      "color": "#151515",
                                      "fontFamily": "Montserrat-Regular",
                                      "fontSize": 15,
                                      "lineHeight": 20,
                                    },
                                  ]
                                }
                              >
                                john.doe@gmail.com
                              </Text>
                              <View
                                numberOfSpaces={5}
                                style={
                                  Array [
                                    Object {
                                      "height": 20,
                                    },
                                  ]
                                }
                              />
                              <Text
                                style={
                                  Array [
                                    Object {
                                      "textAlign": "center",
                                    },
                                  ]
                                }
                              >
                                <Text
                                  style={
                                    Array [
                                      Object {
                                        "color": "#151515",
                                        "fontFamily": "Montserrat-Regular",
                                        "fontSize": 15,
                                        "lineHeight": 20,
                                      },
                                    ]
                                  }
                                >
                                  L'e-mail peut prendre quelques minutes à arriver. Pense à vérifier tes spams !
                                </Text>
                              </Text>
                              <View
                                numberOfSpaces={5}
                                style={
                                  Array [
                                    Object {
                                      "height": 20,
                                    },
                                  ]
                                }
                              />
                              <Text
                                style={
                                  Array [
                                    Object {
                                      "color": "#151515",
                                      "fontFamily": "Montserrat-Regular",
                                      "fontSize": 15,
                                      "lineHeight": 20,
                                    },
                                  ]
                                }
                              >
                                Si l'e-mail n'arrive pas, tu peux :
                              </Text>
                              <View
                                accessible={true}
                                focusable={true}
                                onClick={[Function]}
                                onResponderGrant={[Function]}
                                onResponderMove={[Function]}
                                onResponderRelease={[Function]}
                                onResponderTerminate={[Function]}
                                onResponderTerminationRequest={[Function]}
                                onStartShouldSetResponder={[Function]}
                                style={
                                  Object {
                                    "alignItems": "center",
                                    "backgroundColor": "transparent",
                                    "borderRadius": 24,
                                    "borderWidth": 0,
                                    "flexDirection": "row",
                                    "height": 40,
                                    "justifyContent": "center",
                                    "maxWidth": 500,
                                    "opacity": 1,
                                    "paddingBottom": 2,
                                    "paddingLeft": 2,
                                    "paddingRight": 2,
                                    "paddingTop": 2,
                                    "width": "100%",
                                  }
                                }
                                testID="button-container"
                              >
                                <RNSVGSvgView
                                  align="xMidYMid"
                                  bbHeight={28}
                                  bbWidth={28}
                                  focusable={false}
                                  height={28}
                                  meetOrSlice={0}
                                  minX={0}
                                  minY={0}
                                  style={
                                    Array [
                                      Object {
                                        "backgroundColor": "transparent",
                                        "borderWidth": 0,
                                      },
                                      Object {
                                        "flex": 0,
                                        "height": 28,
                                        "width": 28,
                                      },
                                    ]
                                  }
                                  testID="button-icon"
                                  vbHeight={28}
                                  vbWidth={28}
                                  width={28}
                                >
                                  <RNSVGGroup>
                                    <RNSVGGroup
                                      fill={null}
                                      propList={
                                        Array [
                                          "fill",
                                        ]
                                      }
                                    >
                                      <RNSVGGroup
                                        fill={4293591125}
                                        propList={
                                          Array [
                                            "fill",
                                          ]
                                        }
                                      >
                                        <RNSVGGroup>
                                          <RNSVGPath
                                            d="M21.438 7.583c.852 0 1.55.666 1.6 1.507l.004.097v10.5c0 .886-.719 1.604-1.604 1.604-.242 0-.438-.195-.438-.437 0-.222.165-.405.378-.434l.06-.004c.377 0 .688-.287.725-.654l.004-.075v-10.5c0-.377-.287-.688-.655-.725l-.074-.004h-14c-.378 0-.688.287-.726.655l-.004.074v10.5c0 .378.287.688.655.726l.075.003h10.227c.241 0 .437.196.437.438 0 .221-.164.404-.378.433l-.06.004H7.439c-.854 0-1.551-.666-1.602-1.506l-.003-.098v-10.5c0-.853.666-1.55 1.507-1.601l.098-.003h14zm-.694 2.565c.134.174.117.417-.03.57l-.049.044-4.878 3.764c-.778.6-1.81.632-2.616.092l-.104-.073-5.03-3.78c-.192-.145-.231-.42-.086-.612.132-.176.37-.224.558-.122l.054.035 5.03 3.78c.474.355 1.082.372 1.57.051l.089-.064 4.878-3.764c.192-.148.466-.112.614.08z"
                                            matrix={
                                              Array [
                                                1,
                                                0,
                                                0,
                                                1,
                                                0,
                                                0,
                                              ]
                                            }
                                          />
                                        </RNSVGGroup>
                                      </RNSVGGroup>
                                    </RNSVGGroup>
                                  </RNSVGGroup>
                                </RNSVGSvgView>
                                <Text
                                  numberOfLines={1}
                                  style={
                                    Array [
                                      Object {
                                        "color": "#eb0055",
                                        "fontFamily": "Montserrat-Bold",
                                        "fontSize": 15,
                                        "lineHeight": 20,
                                        "marginLeft": 5,
                                        "maxWidth": 650,
                                      },
                                    ]
                                  }
                                  testID="button-title"
                                  textColor="#eb0055"
                                >
                                  Contacter le support
                                </Text>
                              </View>
                            </View>
                            <View
                              numberOfSpaces={6}
                              style={
                                Array [
                                  Object {
                                    "height": 24,
                                  },
                                ]
                              }
                            />
                            <View
                              accessible={true}
                              focusable={true}
                              onClick={[Function]}
                              onResponderGrant={[Function]}
                              onResponderMove={[Function]}
                              onResponderRelease={[Function]}
                              onResponderTerminate={[Function]}
                              onResponderTerminationRequest={[Function]}
                              onStartShouldSetResponder={[Function]}
                              style={
                                Object {
                                  "alignItems": "center",
                                  "backgroundColor": "#eb0055",
                                  "borderRadius": 24,
                                  "borderWidth": 0,
                                  "flexDirection": "row",
                                  "height": 40,
                                  "justifyContent": "center",
                                  "maxWidth": 500,
                                  "opacity": 1,
                                  "paddingBottom": 2,
                                  "paddingLeft": 2,
                                  "paddingRight": 2,
                                  "paddingTop": 2,
                                  "width": "100%",
                                }
                              }
                              testID="button-container"
                            >
                              <RNSVGSvgView
                                align="xMidYMid"
                                bbHeight={32}
                                bbWidth={32}
                                focusable={false}
                                height={32}
                                meetOrSlice={0}
                                minX={0}
                                minY={0}
                                style={
                                  Array [
                                    Object {
                                      "backgroundColor": "transparent",
                                      "borderWidth": 0,
                                    },
                                    Object {
                                      "flex": 0,
                                      "height": 32,
                                      "width": 32,
                                    },
                                  ]
                                }
                                testID="button-icon"
                                vbHeight={32}
                                vbWidth={32}
                                width={32}
                              >
                                <RNSVGGroup>
                                  <RNSVGGroup
                                    fill={null}
                                    fillRule={0}
                                    propList={
                                      Array [
                                        "fill",
                                        "fillRule",
                                      ]
                                    }
                                  >
                                    <RNSVGGroup
                                      fill={4294967295}
                                      propList={
                                        Array [
                                          "fill",
                                        ]
                                      }
                                    >
                                      <RNSVGGroup>
                                        <RNSVGGroup>
                                          <RNSVGPath
                                            d="M15.485 11c.384.005.576.207.576.606s-.192.6-.576.606H9.152v10.91h10.363v-6.667c0-.404.192-.607.576-.607.384 0 .576.203.576.607v7.272c0 .335-.258.606-.576.606H8.576c-.318 0-.576-.271-.576-.606v-12.12c0-.336.258-.607.576-.607h6.909zm3.983-4l.095.004 3.814.458c.27.032.484.256.515.539l.437 3.992c.037.336-.193.64-.514.678-.321.038-.612-.203-.648-.539l-.306-2.784-7.503 7.854c-.229.239-.6.239-.828 0-.228-.24-.228-.627 0-.866l7.459-7.808-2.56-.307c-.289-.035-.504-.284-.518-.579l.004-.1c.037-.335.327-.577.648-.538z"
                                            matrix={
                                              Array [
                                                1,
                                                0,
                                                0,
                                                1,
                                                0,
                                                0,
                                              ]
                                            }
                                          />
                                        </RNSVGGroup>
                                      </RNSVGGroup>
                                    </RNSVGGroup>
                                  </RNSVGGroup>
                                </RNSVGGroup>
                              </RNSVGSvgView>
                              <Text
                                numberOfLines={1}
                                style={
                                  Array [
                                    Object {
                                      "color": "#ffffff",
                                      "fontFamily": "Montserrat-Bold",
                                      "fontSize": 15,
                                      "lineHeight": 20,
                                      "marginLeft": 5,
                                      "maxWidth": 650,
                                    },
                                  ]
                                }
                                testID="button-title"
                                textColor="#ffffff"
                              >
                                Consulter mes e-mails
                              </Text>
                            </View>
                          </View>
                          <View
                            customHeight={8}
                            style={
                              Array [
                                Object {
                                  "height": 8,
                                },
                              ]
                            }
                          />
                        </View>
                      </View>
                    </View>
                  </View>
                </View>
              </View>
            </View>
          </View>
        </View>
      </View>
    </View>
  </RNCSafeAreaProvider>
</View>
`;
