// Jest Snapshot v1, https://goo.gl/fbAQLP

exports[`FirstCard should render first card 1`] = `
<View
  style={
    Array [
      Object {
        "flexBasis": 0,
        "flexGrow": 1,
        "flexShrink": 1,
        "paddingHorizontal": 20,
      },
    ]
  }
>
  <View
    flex={2}
    style={
      Array [
        Object {
          "flexBasis": 0,
          "flexGrow": 2,
          "flexShrink": 1,
        },
      ]
    }
  />
  <View
    style={
      Array [
        Object {
          "alignItems": "center",
          "flexGrow": 1,
        },
      ]
    }
  >
    <View>
      undefined-Lottie-Mock
    </View>
  </View>
  <View
    flex={1}
    style={
      Array [
        Object {
          "flexBasis": 0,
          "flexGrow": 1,
          "flexShrink": 1,
        },
      ]
    }
  />
  <Text
    style={
      Array [
        Object {
          "color": "#151515",
          "fontFamily": "Montserrat-ExtraBoldItalic",
          "fontSize": 28,
          "lineHeight": 34,
          "textAlign": "center",
        },
      ]
    }
  >
    Le pass Culture
  </Text>
  <Text
    style={
      Array [
        Object {
          "color": "#151515",
          "fontFamily": "Montserrat-MediumItalic",
          "fontSize": 24,
          "lineHeight": 28,
          "textAlign": "center",
        },
      ]
    }
  >
    c'est...
  </Text>
  <View
    flex={1}
    style={
      Array [
        Object {
          "flexBasis": 0,
          "flexGrow": 1,
          "flexShrink": 1,
        },
      ]
    }
  />
  <Text
    style={
      Array [
        Object {
          "color": "#151515",
          "fontFamily": "Montserrat-Regular",
          "fontSize": 15,
          "lineHeight": 20,
          "textAlign": "center",
        },
      ]
    }
  >
    une initiative financée par le Ministère de la Culture.
  </Text>
  <View
    flex={2}
    style={
      Array [
        Object {
          "flexBasis": 0,
          "flexGrow": 2,
          "flexShrink": 1,
        },
      ]
    }
  />
  <View
    forwardedRef={[Function]}
    style={
      Object {
        "opacity": 0,
      }
    }
  >
    <View
      accessible={true}
      focusable={true}
      onClick={[Function]}
      onResponderGrant={[Function]}
      onResponderMove={[Function]}
      onResponderRelease={[Function]}
      onResponderTerminate={[Function]}
      onResponderTerminationRequest={[Function]}
      onStartShouldSetResponder={[Function]}
      style={
        Object {
          "alignItems": "center",
          "backgroundColor": "#eb0055",
          "borderRadius": 24,
          "borderWidth": 0,
          "flexDirection": "row",
          "height": 40,
          "justifyContent": "center",
          "maxWidth": 500,
          "opacity": 1,
          "paddingBottom": 2,
          "paddingLeft": 2,
          "paddingRight": 2,
          "paddingTop": 2,
          "width": "100%",
        }
      }
      testID="button-container"
    >
      <Text
        adjustsFontSizeToFit={false}
        numberOfLines={1}
        style={
          Array [
            Object {
              "color": "#ffffff",
              "fontFamily": "Montserrat-Bold",
              "fontSize": 15,
              "lineHeight": 20,
              "marginLeft": 5,
              "maxWidth": 650,
            },
          ]
        }
        testID="button-title"
        textColor="#ffffff"
      >
        Continuer
      </Text>
    </View>
  </View>
  <View
    flex={3}
    style={
      Array [
        Object {
          "flexBasis": 0,
          "flexGrow": 3,
          "flexShrink": 1,
        },
      ]
    }
  />
</View>
`;
