// Jest Snapshot v1, https://goo.gl/fbAQLP

exports[`SecondTutorial page should display animation 1`] = `
Array [
  <View
    style={
      Array [
        Object {
          "height": "100%",
          "left": 0,
          "position": "absolute",
          "top": 0,
          "width": "100%",
        },
      ]
    }
  >
    <View
      height="100%"
      width="100%"
    >
      undefined-SVG-Mock
    </View>
  </View>,
  <View
    customHeight={16}
    style={
      Array [
        Object {
          "height": 16,
        },
      ]
    }
  />,
  <View
    style={
      Array [
        Object {
          "alignItems": "center",
          "backgroundColor": "#ffffff",
          "display": "flex",
          "flexGrow": 1,
          "justifyContent": "center",
        },
      ]
    }
  >
    <View
      style={
        Array [
          Object {
            "alignItems": "center",
            "display": "flex",
            "flexGrow": 1,
            "maxHeight": 900,
            "maxWidth": 500,
            "paddingHorizontal": 20,
            "paddingTop": 20,
            "width": "100%",
          },
        ]
      }
    >
      <View
        style={
          Array [
            Object {
              "alignSelf": "flex-end",
            },
          ]
        }
      >
        <View
          accessible={true}
          focusable={true}
          onClick={[Function]}
          onResponderGrant={[Function]}
          onResponderMove={[Function]}
          onResponderRelease={[Function]}
          onResponderTerminate={[Function]}
          onResponderTerminationRequest={[Function]}
          onStartShouldSetResponder={[Function]}
          style={
            Object {
              "alignItems": "center",
              "backgroundColor": "transparent",
              "borderRadius": 24,
              "borderWidth": 0,
              "flexDirection": "row",
              "height": 40,
              "justifyContent": "center",
              "maxWidth": 500,
              "opacity": 1,
              "paddingBottom": 2,
              "paddingLeft": 2,
              "paddingRight": 2,
              "paddingTop": 2,
              "width": "100%",
            }
          }
          testID="button-container"
        >
          <Text
            adjustsFontSizeToFit={false}
            numberOfLines={1}
            style={
              Array [
                Object {
                  "color": "#626262",
                  "fontFamily": "Montserrat-Bold",
                  "fontSize": 15,
                  "lineHeight": 20,
                  "marginLeft": 5,
                  "maxWidth": 650,
                },
              ]
            }
            testID="button-title"
            textColor="#626262"
          >
            Tout passer
          </Text>
        </View>
      </View>
      <View
        config={
          Object {
            "directionalOffsetThreshold": 400,
            "gestureIsClickThreshold": 0.1,
            "velocityThreshold": 0.03,
          }
        }
        onMoveShouldSetResponder={[Function]}
        onMoveShouldSetResponderCapture={[Function]}
        onResponderEnd={[Function]}
        onResponderGrant={[Function]}
        onResponderMove={[Function]}
        onResponderReject={[Function]}
        onResponderRelease={[Function]}
        onResponderStart={[Function]}
        onResponderTerminate={[Function]}
        onResponderTerminationRequest={[Function]}
        onStartShouldSetResponder={[Function]}
        onStartShouldSetResponderCapture={[Function]}
        onSwipeLeft={[Function]}
        onSwipeRight={[Function]}
        style={
          Array [
            Object {
              "alignItems": "center",
              "display": "flex",
              "flexGrow": 1,
              "width": "100%",
            },
          ]
        }
      >
        <View
          flex={2}
          style={
            Array [
              Object {
                "flexBasis": 0,
                "flexGrow": 2,
                "flexShrink": 1,
              },
            ]
          }
        />
        <View>
          undefined-Lottie-Mock
        </View>
        <View
          flex={1}
          style={
            Array [
              Object {
                "flexBasis": 0,
                "flexGrow": 1,
                "flexShrink": 1,
              },
            ]
          }
        />
        <Text
          style={
            Array [
              Object {
                "color": "#151515",
                "fontFamily": "Montserrat-ExtraBoldItalic",
                "fontSize": 28,
                "lineHeight": 34,
                "textAlign": "center",
              },
            ]
          }
        >
          Des offres pour tous
        </Text>
        <Text
          style={
            Array [
              Object {
                "color": "#151515",
                "fontFamily": "Montserrat-MediumItalic",
                "fontSize": 24,
                "lineHeight": 28,
                "textAlign": "center",
              },
            ]
          }
        >
          et si tu es...
        </Text>
        <View
          flex={1}
          style={
            Array [
              Object {
                "flexBasis": 0,
                "flexGrow": 1,
                "flexShrink": 1,
              },
            ]
          }
        />
        <Text
          style={
            Array [
              Object {
                "color": "#151515",
                "fontFamily": "Montserrat-Regular",
                "fontSize": 15,
                "lineHeight": 20,
                "textAlign": "center",
              },
            ]
          }
        >
          dans l’année de tes 18 ans, obtiens l’aide financière pass Culture d’un montant de 300€ à dépenser dans l’application.
        </Text>
        <View
          flex={2}
          style={
            Array [
              Object {
                "flexBasis": 0,
                "flexGrow": 2,
                "flexShrink": 1,
              },
            ]
          }
        />
      </View>
      <View
        accessible={true}
        focusable={true}
        onClick={[Function]}
        onResponderGrant={[Function]}
        onResponderMove={[Function]}
        onResponderRelease={[Function]}
        onResponderTerminate={[Function]}
        onResponderTerminationRequest={[Function]}
        onStartShouldSetResponder={[Function]}
        style={
          Object {
            "alignItems": "center",
            "backgroundColor": "#eb0055",
            "borderRadius": 24,
            "borderWidth": 0,
            "flexDirection": "row",
            "height": 40,
            "justifyContent": "center",
            "maxWidth": 500,
            "opacity": 1,
            "paddingBottom": 2,
            "paddingLeft": 2,
            "paddingRight": 2,
            "paddingTop": 2,
            "width": "100%",
          }
        }
        testID="button-container"
      >
        <Text
          adjustsFontSizeToFit={false}
          numberOfLines={1}
          style={
            Array [
              Object {
                "color": "#ffffff",
                "fontFamily": "Montserrat-Bold",
                "fontSize": 15,
                "lineHeight": 20,
                "marginLeft": 5,
                "maxWidth": 650,
              },
            ]
          }
          testID="button-title"
          textColor="#ffffff"
        >
          Continuer
        </Text>
      </View>
      <View
        config={
          Object {
            "directionalOffsetThreshold": 400,
            "gestureIsClickThreshold": 0.1,
            "velocityThreshold": 0.03,
          }
        }
        onMoveShouldSetResponder={[Function]}
        onMoveShouldSetResponderCapture={[Function]}
        onResponderEnd={[Function]}
        onResponderGrant={[Function]}
        onResponderMove={[Function]}
        onResponderReject={[Function]}
        onResponderRelease={[Function]}
        onResponderStart={[Function]}
        onResponderTerminate={[Function]}
        onResponderTerminationRequest={[Function]}
        onStartShouldSetResponder={[Function]}
        onStartShouldSetResponderCapture={[Function]}
        onSwipeLeft={[Function]}
        onSwipeRight={[Function]}
        style={
          Array [
            Object {
              "alignItems": "center",
              "width": "100%",
            },
          ]
        }
      >
        <View
          numberOfSpaces={8}
          style={
            Array [
              Object {
                "height": 32,
              },
            ]
          }
        />
        <View
          style={
            Array [
              Object {
                "display": "flex",
                "flexDirection": "row",
              },
            ]
          }
        >
          <View
            style={
              Array [
                Object {
                  "alignSelf": "center",
                },
              ]
            }
          >
            <View
              fill="#15884f"
              height={8}
              testID="dot-icon"
              width={8}
            >
              dot-icon-SVG-Mock
            </View>
          </View>
          <View
            numberOfSpaces={2}
            style={
              Array [
                Object {
                  "width": 8,
                },
              ]
            }
          />
          <View
            style={
              Array [
                Object {
                  "alignSelf": "center",
                },
              ]
            }
          >
            <View
              fill="#eb0055"
              height={12}
              testID="dot-icon"
              width={12}
            >
              dot-icon-SVG-Mock
            </View>
          </View>
          <View
            numberOfSpaces={2}
            style={
              Array [
                Object {
                  "width": 8,
                },
              ]
            }
          />
          <View
            style={
              Array [
                Object {
                  "alignSelf": "center",
                },
              ]
            }
          >
            <View
              fill="#c7c7cc"
              height={8}
              testID="dot-icon"
              width={8}
            >
              dot-icon-SVG-Mock
            </View>
          </View>
          <View
            numberOfSpaces={2}
            style={
              Array [
                Object {
                  "width": 8,
                },
              ]
            }
          />
          <View
            style={
              Array [
                Object {
                  "alignSelf": "center",
                },
              ]
            }
          >
            <View
              fill="#c7c7cc"
              height={8}
              testID="dot-icon"
              width={8}
            >
              dot-icon-SVG-Mock
            </View>
          </View>
        </View>
        <View
          numberOfSpaces={8}
          style={
            Array [
              Object {
                "height": 32,
              },
            ]
          }
        />
      </View>
    </View>
    <View
      customHeight={8}
      style={
        Array [
          Object {
            "height": 8,
          },
        ]
      }
    />
  </View>,
]
`;
