// Jest Snapshot v1, https://goo.gl/fbAQLP

exports[`HomeBodyPlaceholder matches snapshot 1`] = `
Array [
  <View
    style={
      Array [
        Object {
          "flexDirection": "row",
        },
      ]
    }
  >
    <View
      numberOfSpaces={6}
      style={
        Array [
          Object {
            "width": 24,
          },
        ]
      }
    />
    <View>
      <View
        numberOfSpaces={4}
        style={
          Array [
            Object {
              "height": 16,
            },
          ]
        }
      />
      <View
        style={
          Array [
            Object {
              "flexDirection": "row",
            },
          ]
        }
      >
        <View
          numberOfSpaces={4}
          style={
            Array [
              Object {
                "width": 16,
              },
            ]
          }
        />
        <View
          numberOfSpaces={4}
          style={
            Array [
              Object {
                "width": 16,
              },
            ]
          }
        />
        <View
          numberOfSpaces={4}
          style={
            Array [
              Object {
                "width": 16,
              },
            ]
          }
        />
        <View
          numberOfSpaces={4}
          style={
            Array [
              Object {
                "width": 16,
              },
            ]
          }
        />
      </View>
    </View>
  </View>,
  <View
    numberOfSpaces={6}
    style={
      Array [
        Object {
          "height": 24,
        },
      ]
    }
  />,
  <View
    style={
      Array [
        Object {
          "flexDirection": "row",
        },
      ]
    }
  >
    <View
      numberOfSpaces={6}
      style={
        Array [
          Object {
            "width": 24,
          },
        ]
      }
    />
    <View>
      <View
        numberOfSpaces={4}
        style={
          Array [
            Object {
              "height": 16,
            },
          ]
        }
      />
      <View
        style={
          Array [
            Object {
              "flexDirection": "row",
            },
          ]
        }
      >
        <View
          numberOfSpaces={4}
          style={
            Array [
              Object {
                "width": 16,
              },
            ]
          }
        />
        <View
          numberOfSpaces={4}
          style={
            Array [
              Object {
                "width": 16,
              },
            ]
          }
        />
        <View
          numberOfSpaces={4}
          style={
            Array [
              Object {
                "width": 16,
              },
            ]
          }
        />
        <View
          numberOfSpaces={4}
          style={
            Array [
              Object {
                "width": 16,
              },
            ]
          }
        />
        <View
          numberOfSpaces={4}
          style={
            Array [
              Object {
                "width": 16,
              },
            ]
          }
        />
      </View>
    </View>
  </View>,
  <View
    numberOfSpaces={6}
    style={
      Array [
        Object {
          "height": 24,
        },
      ]
    }
  />,
  <View
    style={
      Array [
        Object {
          "alignItems": "center",
          "flexBasis": 0,
          "flexGrow": 1,
          "flexShrink": 1,
        },
      ]
    }
    testID="HomeBodyPlaceholder-testID"
  />,
  <View
    numberOfSpaces={6}
    style={
      Array [
        Object {
          "height": 24,
        },
      ]
    }
  />,
  <View
    style={
      Array [
        Object {
          "flexDirection": "row",
        },
      ]
    }
  >
    <View
      numberOfSpaces={6}
      style={
        Array [
          Object {
            "width": 24,
          },
        ]
      }
    />
    <View>
      <View
        numberOfSpaces={4}
        style={
          Array [
            Object {
              "height": 16,
            },
          ]
        }
      />
      <View
        style={
          Array [
            Object {
              "flexDirection": "row",
            },
          ]
        }
      >
        <View
          numberOfSpaces={4}
          style={
            Array [
              Object {
                "width": 16,
              },
            ]
          }
        />
        <View
          numberOfSpaces={4}
          style={
            Array [
              Object {
                "width": 16,
              },
            ]
          }
        />
        <View
          numberOfSpaces={4}
          style={
            Array [
              Object {
                "width": 16,
              },
            ]
          }
        />
        <View
          numberOfSpaces={4}
          style={
            Array [
              Object {
                "width": 16,
              },
            ]
          }
        />
        <View
          numberOfSpaces={4}
          style={
            Array [
              Object {
                "width": 16,
              },
            ]
          }
        />
      </View>
    </View>
  </View>,
  <View
    numberOfSpaces={6}
    style={
      Array [
        Object {
          "height": 24,
        },
      ]
    }
  />,
  <View
    style={
      Array [
        Object {
          "flexDirection": "row",
        },
      ]
    }
  >
    <View
      numberOfSpaces={6}
      style={
        Array [
          Object {
            "width": 24,
          },
        ]
      }
    />
    <View>
      <View
        numberOfSpaces={4}
        style={
          Array [
            Object {
              "height": 16,
            },
          ]
        }
      />
      <View
        style={
          Array [
            Object {
              "flexDirection": "row",
            },
          ]
        }
      >
        <View
          numberOfSpaces={4}
          style={
            Array [
              Object {
                "width": 16,
              },
            ]
          }
        />
        <View
          numberOfSpaces={4}
          style={
            Array [
              Object {
                "width": 16,
              },
            ]
          }
        />
        <View
          numberOfSpaces={4}
          style={
            Array [
              Object {
                "width": 16,
              },
            ]
          }
        />
        <View
          numberOfSpaces={4}
          style={
            Array [
              Object {
                "width": 16,
              },
            ]
          }
        />
      </View>
    </View>
  </View>,
]
`;
