// Jest Snapshot v1, https://goo.gl/fbAQLP

exports[`ChangePassword should validate PasswordSecurityRules when password is correct 1`] = `
"Snapshot Diff:
- First value
+ Second value

@@ -384,11 +384,11 @@
                      \\"flexShrink\\": 1,
                    },
                  ]
                }
                underlineColorAndroid=\\"transparent\\"
-               value=\\"\\"
+               value=\\"ABCDefgh1234!!!!\\"
              />
              <View
                accessible={true}
                focusable={true}
                onClick={[Function onClick]}
@@ -412,11 +412,197 @@
                  height=\\"100%\\"
                  testID=\\"eye-slash\\"
                  width=\\"100%\\"
                >
                  eye-slash-SVG-Mock
+               </View>
+             </View>
+           </View>
+           <View
+             style={
+               Array [
+                 Object {
+                   \\"alignItems\\": \\"flex-start\\",
+                   \\"paddingTop\\": 4,
+                 },
+               ]
+             }
+           >
+             <View
+               style={
+                 Array [
+                   Object {
+                     \\"alignItems\\": \\"center\\",
+                     \\"flexDirection\\": \\"row\\",
+                     \\"maxWidth\\": 500,
+                   },
+                 ]
+               }
+             >
+               <View
+                 height={16}
+                 testID=\\"rule-icon-check\\"
+                 width={16}
+               >
+                 rule-icon-check-SVG-Mock
+               </View>
+               <Text
+                 color=\\"#15884f\\"
+                 style={
+                   Array [
+                     Object {
+                       \\"color\\": \\"#15884f\\",
+                       \\"fontFamily\\": \\"Montserrat-SemiBold\\",
+                       \\"fontSize\\": 12,
+                       \\"lineHeight\\": 16,
+                       \\"paddingLeft\\": 4,
+                     },
+                   ]
+                 }
+               >
+                 12 Caractères
+               </Text>
+             </View>
+             <View
+               style={
+                 Array [
+                   Object {
+                     \\"alignItems\\": \\"center\\",
+                     \\"flexDirection\\": \\"row\\",
+                     \\"maxWidth\\": 500,
+                   },
+                 ]
+               }
+             >
+               <View
+                 height={16}
+                 testID=\\"rule-icon-check\\"
+                 width={16}
+               >
+                 rule-icon-check-SVG-Mock
+               </View>
+               <Text
+                 color=\\"#15884f\\"
+                 style={
+                   Array [
+                     Object {
+                       \\"color\\": \\"#15884f\\",
+                       \\"fontFamily\\": \\"Montserrat-SemiBold\\",
+                       \\"fontSize\\": 12,
+                       \\"lineHeight\\": 16,
+                       \\"paddingLeft\\": 4,
+                     },
+                   ]
+                 }
+               >
+                 1 Majuscule
+               </Text>
+             </View>
+             <View
+               style={
+                 Array [
+                   Object {
+                     \\"alignItems\\": \\"center\\",
+                     \\"flexDirection\\": \\"row\\",
+                     \\"maxWidth\\": 500,
+                   },
+                 ]
+               }
+             >
+               <View
+                 height={16}
+                 testID=\\"rule-icon-check\\"
+                 width={16}
+               >
+                 rule-icon-check-SVG-Mock
+               </View>
+               <Text
+                 color=\\"#15884f\\"
+                 style={
+                   Array [
+                     Object {
+                       \\"color\\": \\"#15884f\\",
+                       \\"fontFamily\\": \\"Montserrat-SemiBold\\",
+                       \\"fontSize\\": 12,
+                       \\"lineHeight\\": 16,
+                       \\"paddingLeft\\": 4,
+                     },
+                   ]
+                 }
+               >
+                 1 Minuscule
+               </Text>
              </View>
+             <View
+               style={
+                 Array [
+                   Object {
+                     \\"alignItems\\": \\"center\\",
+                     \\"flexDirection\\": \\"row\\",
+                     \\"maxWidth\\": 500,
+                   },
+                 ]
+               }
+             >
+               <View
+                 height={16}
+                 testID=\\"rule-icon-check\\"
+                 width={16}
+               >
+                 rule-icon-check-SVG-Mock
+               </View>
+               <Text
+                 color=\\"#15884f\\"
+                 style={
+                   Array [
+                     Object {
+                       \\"color\\": \\"#15884f\\",
+                       \\"fontFamily\\": \\"Montserrat-SemiBold\\",
+                       \\"fontSize\\": 12,
+                       \\"lineHeight\\": 16,
+                       \\"paddingLeft\\": 4,
+                     },
+                   ]
+                 }
+               >
+                 1 Chiffre
+               </Text>
+             </View>
+             <View
+               style={
+                 Array [
+                   Object {
+                     \\"alignItems\\": \\"center\\",
+                     \\"flexDirection\\": \\"row\\",
+                     \\"maxWidth\\": 500,
+                   },
+                 ]
+               }
+             >
+               <View
+                 height={16}
+                 testID=\\"rule-icon-check\\"
+                 width={16}
+               >
+                 rule-icon-check-SVG-Mock
+               </View>
+               <Text
+                 color=\\"#15884f\\"
+                 style={
+                   Array [
+                     Object {
+                       \\"color\\": \\"#15884f\\",
+                       \\"fontFamily\\": \\"Montserrat-SemiBold\\",
+                       \\"fontSize\\": 12,
+                       \\"lineHeight\\": 16,
+                       \\"paddingLeft\\": 4,
+                     },
+                   ]
+                 }
+               >
+                 1 Caractère spécial (!@#$%^&*...)
+               </Text>
              </View>
            </View>
          </View>
          <View
            numberOfSpaces={5}"
`;
